[perturb shard=5] device=cuda seeds=[126, 150]  (25 dirs)
number of parameters: 10.65M
Looking for models and dataset in: /root/minima-volume-project/experiments/shakespeare_char/overnight_run/models_and_data
Found 5 model files:
  - model_additional_19950.pt
  - model_additional_4950.pt
  - model_additional_950.pt
  - model_additional_200.pt
  - model_additional_0.pt
✅ Model loaded into provided instance from /root/minima-volume-project/experiments/shakespeare_char/overnight_run/models_and_data/model_additional_19950.pt
Successfully loaded: model_additional_19950.pt
✅ Model loaded into provided instance from /root/minima-volume-project/experiments/shakespeare_char/overnight_run/models_and_data/model_additional_4950.pt
Successfully loaded: model_additional_4950.pt
✅ Model loaded into provided instance from /root/minima-volume-project/experiments/shakespeare_char/overnight_run/models_and_data/model_additional_950.pt
Successfully loaded: model_additional_950.pt
✅ Model loaded into provided instance from /root/minima-volume-project/experiments/shakespeare_char/overnight_run/models_and_data/model_additional_200.pt
Successfully loaded: model_additional_200.pt
✅ Model loaded into provided instance from /root/minima-volume-project/experiments/shakespeare_char/overnight_run/models_and_data/model_additional_0.pt
Successfully loaded: model_additional_0.pt

Model data loaded from all models:
Model 0 (model_additional_19950.pt):
  - Additional data: 19950
  - Dataset type: data
  - Training accuracies: 800 entries
  - Test accuracies: 800 entries
Model 1 (model_additional_4950.pt):
  - Additional data: 4950
  - Dataset type: data
  - Training accuracies: 800 entries
  - Test accuracies: 800 entries
Model 2 (model_additional_950.pt):
  - Additional data: 950
  - Dataset type: data
  - Training accuracies: 800 entries
  - Test accuracies: 800 entries
Model 3 (model_additional_200.pt):
  - Additional data: 200
  - Dataset type: data
  - Training accuracies: 800 entries
  - Test accuracies: 800 entries
Model 4 (model_additional_0.pt):
  - Additional data: 0
  - Dataset type: data
  - Training accuracies: 800 entries
  - Test accuracies: 800 entries

Loading dataset...
Using dataset file: dataset.pt
✅ Dataset loaded from /root/minima-volume-project/experiments/shakespeare_char/overnight_run/models_and_data/dataset.pt
Testing on data with 0 samples - 25 directions
Testing model trained on 19950 additional data.
Loss: 4.5577
Accs: 0.5015
Wiggle completed in 23.34 seconds for data model trained with 19950 samples
  Total perturbation time: 1.24 s
  Total forward/metric time: 21.90 s
Saved to /root/minima-volume-project/experiments/shakespeare_char/overnight_run/shard_5/data_0

Testing model trained on 4950 additional data.
Loss: 4.9047
Accs: 0.4851
Wiggle completed in 23.41 seconds for data model trained with 4950 samples
  Total perturbation time: 1.26 s
  Total forward/metric time: 21.94 s
Saved to /root/minima-volume-project/experiments/shakespeare_char/overnight_run/shard_5/data_0

Testing model trained on 950 additional data.
Loss: 6.2350
Accs: 0.4059
Wiggle completed in 23.34 seconds for data model trained with 950 samples
  Total perturbation time: 1.21 s
  Total forward/metric time: 22.01 s
Saved to /root/minima-volume-project/experiments/shakespeare_char/overnight_run/shard_5/data_0

Testing model trained on 200 additional data.
Loss: 8.3205
Accs: 0.1811
Wiggle completed in 23.36 seconds for data model trained with 200 samples
  Total perturbation time: 1.23 s
  Total forward/metric time: 21.95 s
Saved to /root/minima-volume-project/experiments/shakespeare_char/overnight_run/shard_5/data_0

Testing model trained on 0 additional data.
Loss: 8.0656
Accs: 0.1532
Wiggle completed in 23.39 seconds for data model trained with 0 samples
  Total perturbation time: 1.24 s
  Total forward/metric time: 22.00 s
Saved to /root/minima-volume-project/experiments/shakespeare_char/overnight_run/shard_5/data_0

Testing on data with 200 samples - 25 directions
Testing model trained on 19950 additional data.
Loss: 4.5577
Accs: 0.5015
Wiggle completed in 104.96 seconds for data model trained with 19950 samples
  Total perturbation time: 1.33 s
  Total forward/metric time: 103.49 s
Saved to /root/minima-volume-project/experiments/shakespeare_char/overnight_run/shard_5/data_200

Testing model trained on 4950 additional data.
Loss: 4.9047
Accs: 0.4851
Wiggle completed in 105.04 seconds for data model trained with 4950 samples
  Total perturbation time: 1.41 s
  Total forward/metric time: 103.41 s
Saved to /root/minima-volume-project/experiments/shakespeare_char/overnight_run/shard_5/data_200

Testing model trained on 950 additional data.
Loss: 6.2350
Accs: 0.4059
Wiggle completed in 104.79 seconds for data model trained with 950 samples
  Total perturbation time: 1.29 s
  Total forward/metric time: 103.36 s
Saved to /root/minima-volume-project/experiments/shakespeare_char/overnight_run/shard_5/data_200

Testing model trained on 200 additional data.
Loss: 8.3205
Accs: 0.1811
Wiggle completed in 104.82 seconds for data model trained with 200 samples
  Total perturbation time: 1.36 s
  Total forward/metric time: 103.33 s
Saved to /root/minima-volume-project/experiments/shakespeare_char/overnight_run/shard_5/data_200

Testing model trained on 0 additional data.
Testing on data with 950 samples - 25 directions
Testing model trained on 19950 additional data.
Loss: 4.5577
Accs: 0.5015
Wiggle completed in 413.33 seconds for data model trained with 19950 samples
  Total perturbation time: 1.30 s
  Total forward/metric time: 411.85 s
Saved to /root/minima-volume-project/experiments/shakespeare_char/overnight_run/shard_5/data_950

Testing model trained on 4950 additional data.
Loss: 4.9047
Accs: 0.4851
Wiggle completed in 413.11 seconds for data model trained with 4950 samples
  Total perturbation time: 1.26 s
  Total forward/metric time: 411.67 s
Saved to /root/minima-volume-project/experiments/shakespeare_char/overnight_run/shard_5/data_950

Testing model trained on 950 additional data.
Loss: 6.2350
Accs: 0.4059
Wiggle completed in 413.29 seconds for data model trained with 950 samples
  Total perturbation time: 1.28 s
  Total forward/metric time: 411.84 s
Saved to /root/minima-volume-project/experiments/shakespeare_char/overnight_run/shard_5/data_950

Testing model trained on 200 additional data.
Testing model trained on 0 additional data.
Testing on data with 4950 samples - 25 directions
Testing model trained on 19950 additional data.
Loss: 4.5577
Accs: 0.5015
Wiggle completed in 2061.79 seconds for data model trained with 19950 samples
  Total perturbation time: 1.38 s
  Total forward/metric time: 2060.27 s
Saved to /root/minima-volume-project/experiments/shakespeare_char/overnight_run/shard_5/data_4950

Testing model trained on 4950 additional data.
Loss: 4.9047
Accs: 0.4851
Wiggle completed in 2062.24 seconds for data model trained with 4950 samples
  Total perturbation time: 1.44 s
  Total forward/metric time: 2060.58 s
Saved to /root/minima-volume-project/experiments/shakespeare_char/overnight_run/shard_5/data_4950

Testing model trained on 950 additional data.
Testing model trained on 200 additional data.
Testing model trained on 0 additional data.
Testing on data with 19950 samples - 25 directions
Testing model trained on 19950 additional data.
Loss: 4.5577
Accs: 0.5015
Wiggle completed in 8240.73 seconds for data model trained with 19950 samples
  Total perturbation time: 1.50 s
  Total forward/metric time: 8239.08 s
Saved to /root/minima-volume-project/experiments/shakespeare_char/overnight_run/shard_5/data_19950

Testing model trained on 4950 additional data.
Testing model trained on 950 additional data.
Testing model trained on 200 additional data.
Testing model trained on 0 additional data.
[perturb shard=5] DONE
