[perturb shard=2] device=cuda seeds=[367, 400]  (34 dirs)
number of parameters: 10.65M
Looking for models and dataset in: /root/minima-volume-project/experiments/shakespeare_char/overnight_run/model_3_data_3/models_and_data
Found 5 model files:
  - model_additional_19950.pt
  - model_additional_4950.pt
  - model_additional_950.pt
  - model_additional_200.pt
  - model_additional_0.pt
✅ Model loaded into provided instance from /root/minima-volume-project/experiments/shakespeare_char/overnight_run/model_3_data_3/models_and_data/model_additional_19950.pt
Successfully loaded: model_additional_19950.pt
✅ Model loaded into provided instance from /root/minima-volume-project/experiments/shakespeare_char/overnight_run/model_3_data_3/models_and_data/model_additional_4950.pt
Successfully loaded: model_additional_4950.pt
✅ Model loaded into provided instance from /root/minima-volume-project/experiments/shakespeare_char/overnight_run/model_3_data_3/models_and_data/model_additional_950.pt
Successfully loaded: model_additional_950.pt
✅ Model loaded into provided instance from /root/minima-volume-project/experiments/shakespeare_char/overnight_run/model_3_data_3/models_and_data/model_additional_200.pt
Successfully loaded: model_additional_200.pt
✅ Model loaded into provided instance from /root/minima-volume-project/experiments/shakespeare_char/overnight_run/model_3_data_3/models_and_data/model_additional_0.pt
Successfully loaded: model_additional_0.pt

Model data loaded from all models:
Model 0 (model_additional_19950.pt):
  - Additional data: 19950
  - Dataset type: data
  - Training accuracies: 800 entries
  - Test accuracies: 800 entries
Model 1 (model_additional_4950.pt):
  - Additional data: 4950
  - Dataset type: data
  - Training accuracies: 800 entries
  - Test accuracies: 800 entries
Model 2 (model_additional_950.pt):
  - Additional data: 950
  - Dataset type: data
  - Training accuracies: 800 entries
  - Test accuracies: 800 entries
Model 3 (model_additional_200.pt):
  - Additional data: 200
  - Dataset type: data
  - Training accuracies: 800 entries
  - Test accuracies: 800 entries
Model 4 (model_additional_0.pt):
  - Additional data: 0
  - Dataset type: data
  - Training accuracies: 800 entries
  - Test accuracies: 800 entries

Loading dataset...
Using dataset file: dataset.pt
✅ Dataset loaded from /root/minima-volume-project/experiments/shakespeare_char/overnight_run/model_3_data_3/models_and_data/dataset.pt
Testing on data with 0 samples - 34 directions
Testing model trained on 19950 additional data.
Loss: 4.2918
Accs: 0.5182
Wiggle completed in 31.90 seconds for data model trained with 19950 samples
  Total perturbation time: 1.74 s
  Total forward/metric time: 29.97 s
Saved to /root/minima-volume-project/experiments/shakespeare_char/overnight_run/model_3_data_3/shard_2/data_0

Testing model trained on 4950 additional data.
Loss: 4.9534
Accs: 0.4841
Wiggle completed in 31.67 seconds for data model trained with 4950 samples
  Total perturbation time: 1.71 s
  Total forward/metric time: 29.79 s
Saved to /root/minima-volume-project/experiments/shakespeare_char/overnight_run/model_3_data_3/shard_2/data_0

Testing model trained on 950 additional data.
Loss: 6.2225
Accs: 0.3909
Wiggle completed in 31.70 seconds for data model trained with 950 samples
  Total perturbation time: 1.72 s
  Total forward/metric time: 29.81 s
Saved to /root/minima-volume-project/experiments/shakespeare_char/overnight_run/model_3_data_3/shard_2/data_0

Testing model trained on 200 additional data.
Loss: 7.3982
Accs: 0.1886
Wiggle completed in 31.71 seconds for data model trained with 200 samples
  Total perturbation time: 1.70 s
  Total forward/metric time: 29.80 s
Saved to /root/minima-volume-project/experiments/shakespeare_char/overnight_run/model_3_data_3/shard_2/data_0

Testing model trained on 0 additional data.
Loss: 8.0082
Accs: 0.1526
Wiggle completed in 31.85 seconds for data model trained with 0 samples
  Total perturbation time: 1.72 s
  Total forward/metric time: 29.87 s
Saved to /root/minima-volume-project/experiments/shakespeare_char/overnight_run/model_3_data_3/shard_2/data_0

Testing on data with 200 samples - 34 directions
Testing model trained on 19950 additional data.
Loss: 4.2918
Accs: 0.5182
Wiggle completed in 142.92 seconds for data model trained with 19950 samples
  Total perturbation time: 1.77 s
  Total forward/metric time: 140.95 s
Saved to /root/minima-volume-project/experiments/shakespeare_char/overnight_run/model_3_data_3/shard_2/data_200

Testing model trained on 4950 additional data.
Loss: 4.9534
Accs: 0.4841
Wiggle completed in 142.67 seconds for data model trained with 4950 samples
  Total perturbation time: 1.84 s
  Total forward/metric time: 140.66 s
Saved to /root/minima-volume-project/experiments/shakespeare_char/overnight_run/model_3_data_3/shard_2/data_200

Testing model trained on 950 additional data.
Loss: 6.2225
Accs: 0.3909
Wiggle completed in 142.65 seconds for data model trained with 950 samples
  Total perturbation time: 1.80 s
  Total forward/metric time: 140.64 s
Saved to /root/minima-volume-project/experiments/shakespeare_char/overnight_run/model_3_data_3/shard_2/data_200

Testing model trained on 200 additional data.
Loss: 7.3982
Accs: 0.1886
Wiggle completed in 142.58 seconds for data model trained with 200 samples
  Total perturbation time: 1.74 s
  Total forward/metric time: 140.63 s
Saved to /root/minima-volume-project/experiments/shakespeare_char/overnight_run/model_3_data_3/shard_2/data_200

Testing model trained on 0 additional data.
Testing on data with 950 samples - 34 directions
Testing model trained on 19950 additional data.
Loss: 4.2918
Accs: 0.5182
Wiggle completed in 563.08 seconds for data model trained with 19950 samples
  Total perturbation time: 1.80 s
  Total forward/metric time: 561.06 s
Saved to /root/minima-volume-project/experiments/shakespeare_char/overnight_run/model_3_data_3/shard_2/data_950

Testing model trained on 4950 additional data.
Loss: 4.9534
Accs: 0.4841
Wiggle completed in 562.88 seconds for data model trained with 4950 samples
  Total perturbation time: 1.78 s
  Total forward/metric time: 560.89 s
Saved to /root/minima-volume-project/experiments/shakespeare_char/overnight_run/model_3_data_3/shard_2/data_950

Testing model trained on 950 additional data.
Loss: 6.2225
Accs: 0.3909
Wiggle completed in 562.89 seconds for data model trained with 950 samples
  Total perturbation time: 1.75 s
  Total forward/metric time: 560.95 s
Saved to /root/minima-volume-project/experiments/shakespeare_char/overnight_run/model_3_data_3/shard_2/data_950

Testing model trained on 200 additional data.
Testing model trained on 0 additional data.
Testing on data with 4950 samples - 34 directions
Testing model trained on 19950 additional data.
Loss: 4.2918
Accs: 0.5182
Wiggle completed in 2811.76 seconds for data model trained with 19950 samples
  Total perturbation time: 1.89 s
  Total forward/metric time: 2809.62 s
Saved to /root/minima-volume-project/experiments/shakespeare_char/overnight_run/model_3_data_3/shard_2/data_4950

Testing model trained on 4950 additional data.
Loss: 4.9534
Accs: 0.4841
