[perturb shard=1] device=cuda seeds=[126, 150]  (25 dirs)
number of parameters: 10.65M
Looking for models and dataset in: /root/minima-volume-project/experiments/shakespeare_char/cosine_run/model_3_data_3/models_and_data
Found 5 model files:
  - model_additional_19950.pt
  - model_additional_4950.pt
  - model_additional_950.pt
  - model_additional_200.pt
  - model_additional_0.pt
✅ Model loaded into provided instance from /root/minima-volume-project/experiments/shakespeare_char/cosine_run/model_3_data_3/models_and_data/model_additional_19950.pt
Successfully loaded: model_additional_19950.pt
✅ Model loaded into provided instance from /root/minima-volume-project/experiments/shakespeare_char/cosine_run/model_3_data_3/models_and_data/model_additional_4950.pt
Successfully loaded: model_additional_4950.pt
✅ Model loaded into provided instance from /root/minima-volume-project/experiments/shakespeare_char/cosine_run/model_3_data_3/models_and_data/model_additional_950.pt
Successfully loaded: model_additional_950.pt
✅ Model loaded into provided instance from /root/minima-volume-project/experiments/shakespeare_char/cosine_run/model_3_data_3/models_and_data/model_additional_200.pt
Successfully loaded: model_additional_200.pt
✅ Model loaded into provided instance from /root/minima-volume-project/experiments/shakespeare_char/cosine_run/model_3_data_3/models_and_data/model_additional_0.pt
Successfully loaded: model_additional_0.pt

Model data loaded from all models:
Model 0 (model_additional_19950.pt):
  - Additional data: 19950
  - Dataset type: data
  - Training accuracies: 800 entries
  - Test accuracies: 800 entries
Model 1 (model_additional_4950.pt):
  - Additional data: 4950
  - Dataset type: data
  - Training accuracies: 800 entries
  - Test accuracies: 800 entries
Model 2 (model_additional_950.pt):
  - Additional data: 950
  - Dataset type: data
  - Training accuracies: 800 entries
  - Test accuracies: 800 entries
Model 3 (model_additional_200.pt):
  - Additional data: 200
  - Dataset type: data
  - Training accuracies: 800 entries
  - Test accuracies: 800 entries
Model 4 (model_additional_0.pt):
  - Additional data: 0
  - Dataset type: data
  - Training accuracies: 800 entries
  - Test accuracies: 800 entries

Loading dataset...
Using dataset file: dataset.pt
✅ Dataset loaded from /root/minima-volume-project/experiments/shakespeare_char/cosine_run/model_3_data_3/models_and_data/dataset.pt
Testing on data with 0 samples - 25 directions
Testing model trained on 19950 additional data.
Loss: 4.8240
Accs: 0.5297
Wiggle completed in 12.06 seconds for data model trained with 19950 samples
  Total perturbation time: 0.75 s
  Total forward/metric time: 11.16 s
Saved to /root/minima-volume-project/experiments/shakespeare_char/cosine_run/model_3_data_3/shard_1/data_0

Testing model trained on 4950 additional data.
Loss: 5.6641
Accs: 0.4870
Wiggle completed in 11.99 seconds for data model trained with 4950 samples
  Total perturbation time: 0.75 s
  Total forward/metric time: 11.05 s
Saved to /root/minima-volume-project/experiments/shakespeare_char/cosine_run/model_3_data_3/shard_1/data_0

Testing model trained on 950 additional data.
Loss: 6.1409
Accs: 0.4214
Wiggle completed in 11.89 seconds for data model trained with 950 samples
  Total perturbation time: 0.75 s
  Total forward/metric time: 11.00 s
Saved to /root/minima-volume-project/experiments/shakespeare_char/cosine_run/model_3_data_3/shard_1/data_0

Testing model trained on 200 additional data.
Loss: 8.4678
Accs: 0.1830
Wiggle completed in 12.13 seconds for data model trained with 200 samples
  Total perturbation time: 0.75 s
  Total forward/metric time: 11.05 s
Saved to /root/minima-volume-project/experiments/shakespeare_char/cosine_run/model_3_data_3/shard_1/data_0

Testing model trained on 0 additional data.
Loss: 7.6728
Accs: 0.1504
Wiggle completed in 11.87 seconds for data model trained with 0 samples
  Total perturbation time: 0.74 s
  Total forward/metric time: 10.98 s
Saved to /root/minima-volume-project/experiments/shakespeare_char/cosine_run/model_3_data_3/shard_1/data_0

Testing on data with 200 samples - 25 directions
Testing model trained on 19950 additional data.
Loss: 4.8240
Accs: 0.5297
Wiggle completed in 52.67 seconds for data model trained with 19950 samples
  Total perturbation time: 0.78 s
  Total forward/metric time: 51.66 s
Saved to /root/minima-volume-project/experiments/shakespeare_char/cosine_run/model_3_data_3/shard_1/data_200

Testing model trained on 4950 additional data.
Loss: 5.6641
Accs: 0.4870
Wiggle completed in 52.76 seconds for data model trained with 4950 samples
  Total perturbation time: 0.77 s
  Total forward/metric time: 51.77 s
Saved to /root/minima-volume-project/experiments/shakespeare_char/cosine_run/model_3_data_3/shard_1/data_200

Testing model trained on 950 additional data.
Loss: 6.1409
Accs: 0.4214
Wiggle completed in 52.77 seconds for data model trained with 950 samples
  Total perturbation time: 0.77 s
  Total forward/metric time: 51.78 s
Saved to /root/minima-volume-project/experiments/shakespeare_char/cosine_run/model_3_data_3/shard_1/data_200

Testing model trained on 200 additional data.
Loss: 8.4678
Accs: 0.1830
Wiggle completed in 52.67 seconds for data model trained with 200 samples
  Total perturbation time: 0.77 s
  Total forward/metric time: 51.78 s
Saved to /root/minima-volume-project/experiments/shakespeare_char/cosine_run/model_3_data_3/shard_1/data_200

Testing model trained on 0 additional data.
Testing on data with 950 samples - 25 directions
Testing model trained on 19950 additional data.
Loss: 4.8240
Accs: 0.5297
Wiggle completed in 207.33 seconds for data model trained with 19950 samples
  Total perturbation time: 0.78 s
  Total forward/metric time: 206.41 s
Saved to /root/minima-volume-project/experiments/shakespeare_char/cosine_run/model_3_data_3/shard_1/data_950

Testing model trained on 4950 additional data.
Loss: 5.6641
Accs: 0.4870
Wiggle completed in 207.34 seconds for data model trained with 4950 samples
  Total perturbation time: 0.77 s
  Total forward/metric time: 206.40 s
Saved to /root/minima-volume-project/experiments/shakespeare_char/cosine_run/model_3_data_3/shard_1/data_950

Testing model trained on 950 additional data.
Loss: 6.1409
Accs: 0.4214
Wiggle completed in 207.45 seconds for data model trained with 950 samples
  Total perturbation time: 0.77 s
  Total forward/metric time: 206.52 s
Saved to /root/minima-volume-project/experiments/shakespeare_char/cosine_run/model_3_data_3/shard_1/data_950

Testing model trained on 200 additional data.
Testing model trained on 0 additional data.
Testing on data with 4950 samples - 25 directions
Testing model trained on 19950 additional data.
Loss: 4.8240
Accs: 0.5297
Wiggle completed in 1033.94 seconds for data model trained with 19950 samples
  Total perturbation time: 0.82 s
  Total forward/metric time: 1032.97 s
Saved to /root/minima-volume-project/experiments/shakespeare_char/cosine_run/model_3_data_3/shard_1/data_4950

Testing model trained on 4950 additional data.
Loss: 5.6641
Accs: 0.4870
Wiggle completed in 1034.49 seconds for data model trained with 4950 samples
  Total perturbation time: 0.83 s
  Total forward/metric time: 1033.45 s
Saved to /root/minima-volume-project/experiments/shakespeare_char/cosine_run/model_3_data_3/shard_1/data_4950

Testing model trained on 950 additional data.
Testing model trained on 200 additional data.
Testing model trained on 0 additional data.
Testing on data with 19950 samples - 25 directions
Testing model trained on 19950 additional data.
Loss: 4.8240
Accs: 0.5297
Wiggle completed in 4129.64 seconds for data model trained with 19950 samples
  Total perturbation time: 0.90 s
  Total forward/metric time: 4128.41 s
Saved to /root/minima-volume-project/experiments/shakespeare_char/cosine_run/model_3_data_3/shard_1/data_19950

Testing model trained on 4950 additional data.
Testing model trained on 950 additional data.
Testing model trained on 200 additional data.
Testing model trained on 0 additional data.
[perturb shard=1] DONE
