[perturb shard=0] device=cuda seeds=[1, 25]  (25 dirs)
number of parameters: 10.65M
Looking for models and dataset in: /root/minima-volume-project/experiments/shakespeare_char/cosine_run/model_1_data_1/models_and_data
Found 5 model files:
  - model_additional_19950.pt
  - model_additional_4950.pt
  - model_additional_950.pt
  - model_additional_200.pt
  - model_additional_0.pt
✅ Model loaded into provided instance from /root/minima-volume-project/experiments/shakespeare_char/cosine_run/model_1_data_1/models_and_data/model_additional_19950.pt
Successfully loaded: model_additional_19950.pt
✅ Model loaded into provided instance from /root/minima-volume-project/experiments/shakespeare_char/cosine_run/model_1_data_1/models_and_data/model_additional_4950.pt
Successfully loaded: model_additional_4950.pt
✅ Model loaded into provided instance from /root/minima-volume-project/experiments/shakespeare_char/cosine_run/model_1_data_1/models_and_data/model_additional_950.pt
Successfully loaded: model_additional_950.pt
✅ Model loaded into provided instance from /root/minima-volume-project/experiments/shakespeare_char/cosine_run/model_1_data_1/models_and_data/model_additional_200.pt
Successfully loaded: model_additional_200.pt
✅ Model loaded into provided instance from /root/minima-volume-project/experiments/shakespeare_char/cosine_run/model_1_data_1/models_and_data/model_additional_0.pt
Successfully loaded: model_additional_0.pt

Model data loaded from all models:
Model 0 (model_additional_19950.pt):
  - Additional data: 19950
  - Dataset type: data
  - Training accuracies: 800 entries
  - Test accuracies: 800 entries
Model 1 (model_additional_4950.pt):
  - Additional data: 4950
  - Dataset type: data
  - Training accuracies: 800 entries
  - Test accuracies: 800 entries
Model 2 (model_additional_950.pt):
  - Additional data: 950
  - Dataset type: data
  - Training accuracies: 800 entries
  - Test accuracies: 800 entries
Model 3 (model_additional_200.pt):
  - Additional data: 200
  - Dataset type: data
  - Training accuracies: 800 entries
  - Test accuracies: 800 entries
Model 4 (model_additional_0.pt):
  - Additional data: 0
  - Dataset type: data
  - Training accuracies: 800 entries
  - Test accuracies: 800 entries

Loading dataset...
Using dataset file: dataset.pt
✅ Dataset loaded from /root/minima-volume-project/experiments/shakespeare_char/cosine_run/model_1_data_1/models_and_data/dataset.pt
Testing on data with 0 samples - 25 directions
Testing model trained on 19950 additional data.
Loss: 5.0513
Accs: 0.5098
Wiggle completed in 12.02 seconds for data model trained with 19950 samples
  Total perturbation time: 0.74 s
  Total forward/metric time: 11.13 s
Saved to /root/minima-volume-project/experiments/shakespeare_char/cosine_run/model_1_data_1/shard_0/data_0

Testing model trained on 4950 additional data.
Loss: 5.5097
Accs: 0.4974
Wiggle completed in 11.90 seconds for data model trained with 4950 samples
  Total perturbation time: 0.79 s
  Total forward/metric time: 10.97 s
Saved to /root/minima-volume-project/experiments/shakespeare_char/cosine_run/model_1_data_1/shard_0/data_0

Testing model trained on 950 additional data.
Loss: 6.2131
Accs: 0.4211
Wiggle completed in 11.85 seconds for data model trained with 950 samples
  Total perturbation time: 0.74 s
  Total forward/metric time: 10.98 s
Saved to /root/minima-volume-project/experiments/shakespeare_char/cosine_run/model_1_data_1/shard_0/data_0

Testing model trained on 200 additional data.
Loss: 8.7388
Accs: 0.1889
Wiggle completed in 12.06 seconds for data model trained with 200 samples
  Total perturbation time: 0.72 s
  Total forward/metric time: 11.11 s
Saved to /root/minima-volume-project/experiments/shakespeare_char/cosine_run/model_1_data_1/shard_0/data_0

Testing model trained on 0 additional data.
Loss: 6.7318
Accs: 0.1383
Wiggle completed in 11.83 seconds for data model trained with 0 samples
  Total perturbation time: 0.72 s
  Total forward/metric time: 10.97 s
Saved to /root/minima-volume-project/experiments/shakespeare_char/cosine_run/model_1_data_1/shard_0/data_0

Testing on data with 200 samples - 25 directions
Testing model trained on 19950 additional data.
Loss: 5.0513
Accs: 0.5098
Wiggle completed in 52.28 seconds for data model trained with 19950 samples
  Total perturbation time: 0.75 s
  Total forward/metric time: 51.39 s
Saved to /root/minima-volume-project/experiments/shakespeare_char/cosine_run/model_1_data_1/shard_0/data_200

Testing model trained on 4950 additional data.
Loss: 5.5097
Accs: 0.4974
Wiggle completed in 52.61 seconds for data model trained with 4950 samples
  Total perturbation time: 0.73 s
  Total forward/metric time: 51.68 s
Saved to /root/minima-volume-project/experiments/shakespeare_char/cosine_run/model_1_data_1/shard_0/data_200

Testing model trained on 950 additional data.
Loss: 6.2131
Accs: 0.4211
Wiggle completed in 52.71 seconds for data model trained with 950 samples
  Total perturbation time: 0.75 s
  Total forward/metric time: 51.69 s
Saved to /root/minima-volume-project/experiments/shakespeare_char/cosine_run/model_1_data_1/shard_0/data_200

Testing model trained on 200 additional data.
Loss: 8.7388
Accs: 0.1889
Wiggle completed in 52.65 seconds for data model trained with 200 samples
  Total perturbation time: 0.76 s
  Total forward/metric time: 51.69 s
Saved to /root/minima-volume-project/experiments/shakespeare_char/cosine_run/model_1_data_1/shard_0/data_200

Testing model trained on 0 additional data.
Testing on data with 950 samples - 25 directions
Testing model trained on 19950 additional data.
Loss: 5.0513
Accs: 0.5098
Wiggle completed in 205.50 seconds for data model trained with 19950 samples
  Total perturbation time: 0.76 s
  Total forward/metric time: 204.61 s
Saved to /root/minima-volume-project/experiments/shakespeare_char/cosine_run/model_1_data_1/shard_0/data_950

Testing model trained on 4950 additional data.
Loss: 5.5097
Accs: 0.4974
Wiggle completed in 205.63 seconds for data model trained with 4950 samples
  Total perturbation time: 0.77 s
  Total forward/metric time: 204.72 s
Saved to /root/minima-volume-project/experiments/shakespeare_char/cosine_run/model_1_data_1/shard_0/data_950

Testing model trained on 950 additional data.
Loss: 6.2131
Accs: 0.4211
Wiggle completed in 207.51 seconds for data model trained with 950 samples
  Total perturbation time: 0.78 s
  Total forward/metric time: 206.61 s
Saved to /root/minima-volume-project/experiments/shakespeare_char/cosine_run/model_1_data_1/shard_0/data_950

Testing model trained on 200 additional data.
Testing model trained on 0 additional data.
Testing on data with 4950 samples - 25 directions
Testing model trained on 19950 additional data.
Loss: 5.0513
Accs: 0.5098
Wiggle completed in 1025.48 seconds for data model trained with 19950 samples
  Total perturbation time: 0.84 s
  Total forward/metric time: 1024.42 s
Saved to /root/minima-volume-project/experiments/shakespeare_char/cosine_run/model_1_data_1/shard_0/data_4950

Testing model trained on 4950 additional data.
Loss: 5.5097
Accs: 0.4974
Wiggle completed in 1032.40 seconds for data model trained with 4950 samples
  Total perturbation time: 0.85 s
  Total forward/metric time: 1031.39 s
Saved to /root/minima-volume-project/experiments/shakespeare_char/cosine_run/model_1_data_1/shard_0/data_4950

Testing model trained on 950 additional data.
Testing model trained on 200 additional data.
Testing model trained on 0 additional data.
Testing on data with 19950 samples - 25 directions
Testing model trained on 19950 additional data.
Loss: 5.0513
Accs: 0.5098
Wiggle completed in 4122.59 seconds for data model trained with 19950 samples
  Total perturbation time: 0.89 s
  Total forward/metric time: 4121.53 s
Saved to /root/minima-volume-project/experiments/shakespeare_char/cosine_run/model_1_data_1/shard_0/data_19950

Testing model trained on 4950 additional data.
Testing model trained on 950 additional data.
Testing model trained on 200 additional data.
Testing model trained on 0 additional data.
[perturb shard=0] DONE
