[perturb shard=1] device=cuda seeds=[26, 50]  (25 dirs)
number of parameters: 10.65M
Looking for models and dataset in: /root/minima-volume-project/experiments/shakespeare_char/cosine_run/model_1_data_1/models_and_data
Found 5 model files:
  - model_additional_19950.pt
  - model_additional_4950.pt
  - model_additional_950.pt
  - model_additional_200.pt
  - model_additional_0.pt
✅ Model loaded into provided instance from /root/minima-volume-project/experiments/shakespeare_char/cosine_run/model_1_data_1/models_and_data/model_additional_19950.pt
Successfully loaded: model_additional_19950.pt
✅ Model loaded into provided instance from /root/minima-volume-project/experiments/shakespeare_char/cosine_run/model_1_data_1/models_and_data/model_additional_4950.pt
Successfully loaded: model_additional_4950.pt
✅ Model loaded into provided instance from /root/minima-volume-project/experiments/shakespeare_char/cosine_run/model_1_data_1/models_and_data/model_additional_950.pt
Successfully loaded: model_additional_950.pt
✅ Model loaded into provided instance from /root/minima-volume-project/experiments/shakespeare_char/cosine_run/model_1_data_1/models_and_data/model_additional_200.pt
Successfully loaded: model_additional_200.pt
✅ Model loaded into provided instance from /root/minima-volume-project/experiments/shakespeare_char/cosine_run/model_1_data_1/models_and_data/model_additional_0.pt
Successfully loaded: model_additional_0.pt

Model data loaded from all models:
Model 0 (model_additional_19950.pt):
  - Additional data: 19950
  - Dataset type: data
  - Training accuracies: 800 entries
  - Test accuracies: 800 entries
Model 1 (model_additional_4950.pt):
  - Additional data: 4950
  - Dataset type: data
  - Training accuracies: 800 entries
  - Test accuracies: 800 entries
Model 2 (model_additional_950.pt):
  - Additional data: 950
  - Dataset type: data
  - Training accuracies: 800 entries
  - Test accuracies: 800 entries
Model 3 (model_additional_200.pt):
  - Additional data: 200
  - Dataset type: data
  - Training accuracies: 800 entries
  - Test accuracies: 800 entries
Model 4 (model_additional_0.pt):
  - Additional data: 0
  - Dataset type: data
  - Training accuracies: 800 entries
  - Test accuracies: 800 entries

Loading dataset...
Using dataset file: dataset.pt
✅ Dataset loaded from /root/minima-volume-project/experiments/shakespeare_char/cosine_run/model_1_data_1/models_and_data/dataset.pt
Testing on data with 0 samples - 25 directions
Testing model trained on 19950 additional data.
Loss: 5.0513
Accs: 0.5098
Wiggle completed in 11.96 seconds for data model trained with 19950 samples
  Total perturbation time: 0.69 s
  Total forward/metric time: 11.12 s
Saved to /root/minima-volume-project/experiments/shakespeare_char/cosine_run/model_1_data_1/shard_1/data_0

Testing model trained on 4950 additional data.
Loss: 5.5097
Accs: 0.4974
Wiggle completed in 11.85 seconds for data model trained with 4950 samples
  Total perturbation time: 0.66 s
  Total forward/metric time: 11.02 s
Saved to /root/minima-volume-project/experiments/shakespeare_char/cosine_run/model_1_data_1/shard_1/data_0

Testing model trained on 950 additional data.
Loss: 6.2131
Accs: 0.4211
Wiggle completed in 11.70 seconds for data model trained with 950 samples
  Total perturbation time: 0.66 s
  Total forward/metric time: 10.91 s
Saved to /root/minima-volume-project/experiments/shakespeare_char/cosine_run/model_1_data_1/shard_1/data_0

Testing model trained on 200 additional data.
Loss: 8.7388
Accs: 0.1889
Wiggle completed in 11.81 seconds for data model trained with 200 samples
  Total perturbation time: 0.65 s
  Total forward/metric time: 10.95 s
Saved to /root/minima-volume-project/experiments/shakespeare_char/cosine_run/model_1_data_1/shard_1/data_0

Testing model trained on 0 additional data.
Loss: 6.7318
Accs: 0.1383
Wiggle completed in 11.67 seconds for data model trained with 0 samples
  Total perturbation time: 0.65 s
  Total forward/metric time: 10.89 s
Saved to /root/minima-volume-project/experiments/shakespeare_char/cosine_run/model_1_data_1/shard_1/data_0

Testing on data with 200 samples - 25 directions
Testing model trained on 19950 additional data.
Loss: 5.0513
Accs: 0.5098
Wiggle completed in 52.48 seconds for data model trained with 19950 samples
  Total perturbation time: 0.72 s
  Total forward/metric time: 51.64 s
Saved to /root/minima-volume-project/experiments/shakespeare_char/cosine_run/model_1_data_1/shard_1/data_200

Testing model trained on 4950 additional data.
Loss: 5.5097
Accs: 0.4974
Wiggle completed in 52.46 seconds for data model trained with 4950 samples
  Total perturbation time: 0.67 s
  Total forward/metric time: 51.62 s
Saved to /root/minima-volume-project/experiments/shakespeare_char/cosine_run/model_1_data_1/shard_1/data_200

Testing model trained on 950 additional data.
Loss: 6.2131
Accs: 0.4211
Wiggle completed in 52.12 seconds for data model trained with 950 samples
  Total perturbation time: 0.72 s
  Total forward/metric time: 51.26 s
Saved to /root/minima-volume-project/experiments/shakespeare_char/cosine_run/model_1_data_1/shard_1/data_200

Testing model trained on 200 additional data.
Loss: 8.7388
Accs: 0.1889
Wiggle completed in 52.42 seconds for data model trained with 200 samples
  Total perturbation time: 0.68 s
  Total forward/metric time: 51.62 s
Saved to /root/minima-volume-project/experiments/shakespeare_char/cosine_run/model_1_data_1/shard_1/data_200

Testing model trained on 0 additional data.
Testing on data with 950 samples - 25 directions
Testing model trained on 19950 additional data.
Loss: 5.0513
Accs: 0.5098
Wiggle completed in 205.07 seconds for data model trained with 19950 samples
  Total perturbation time: 0.69 s
  Total forward/metric time: 204.25 s
Saved to /root/minima-volume-project/experiments/shakespeare_char/cosine_run/model_1_data_1/shard_1/data_950

Testing model trained on 4950 additional data.
Loss: 5.5097
Accs: 0.4974
Wiggle completed in 205.06 seconds for data model trained with 4950 samples
  Total perturbation time: 0.69 s
  Total forward/metric time: 204.26 s
Saved to /root/minima-volume-project/experiments/shakespeare_char/cosine_run/model_1_data_1/shard_1/data_950

Testing model trained on 950 additional data.
Loss: 6.2131
Accs: 0.4211
Wiggle completed in 206.53 seconds for data model trained with 950 samples
  Total perturbation time: 0.71 s
  Total forward/metric time: 205.71 s
Saved to /root/minima-volume-project/experiments/shakespeare_char/cosine_run/model_1_data_1/shard_1/data_950

Testing model trained on 200 additional data.
Testing model trained on 0 additional data.
Testing on data with 4950 samples - 25 directions
Testing model trained on 19950 additional data.
Loss: 5.0513
Accs: 0.5098
Wiggle completed in 1029.77 seconds for data model trained with 19950 samples
  Total perturbation time: 0.77 s
  Total forward/metric time: 1028.74 s
Saved to /root/minima-volume-project/experiments/shakespeare_char/cosine_run/model_1_data_1/shard_1/data_4950

Testing model trained on 4950 additional data.
Loss: 5.5097
Accs: 0.4974
Wiggle completed in 1023.18 seconds for data model trained with 4950 samples
  Total perturbation time: 0.77 s
  Total forward/metric time: 1022.20 s
Saved to /root/minima-volume-project/experiments/shakespeare_char/cosine_run/model_1_data_1/shard_1/data_4950

Testing model trained on 950 additional data.
Testing model trained on 200 additional data.
Testing model trained on 0 additional data.
Testing on data with 19950 samples - 25 directions
Testing model trained on 19950 additional data.
Loss: 5.0513
Accs: 0.5098
Wiggle completed in 4084.77 seconds for data model trained with 19950 samples
  Total perturbation time: 0.83 s
  Total forward/metric time: 4083.77 s
Saved to /root/minima-volume-project/experiments/shakespeare_char/cosine_run/model_1_data_1/shard_1/data_19950

Testing model trained on 4950 additional data.
Testing model trained on 950 additional data.
Testing model trained on 200 additional data.
Testing model trained on 0 additional data.
[perturb shard=1] DONE
