[perturb shard=0] device=cuda seeds=[201, 233]  (33 dirs)
number of parameters: 10.65M
Looking for models and dataset in: /root/minima-volume-project/experiments/shakespeare_char/overnight_run/model_2_data_2/models_and_data
Found 5 model files:
  - model_additional_19950.pt
  - model_additional_4950.pt
  - model_additional_950.pt
  - model_additional_200.pt
  - model_additional_0.pt
✅ Model loaded into provided instance from /root/minima-volume-project/experiments/shakespeare_char/overnight_run/model_2_data_2/models_and_data/model_additional_19950.pt
Successfully loaded: model_additional_19950.pt
✅ Model loaded into provided instance from /root/minima-volume-project/experiments/shakespeare_char/overnight_run/model_2_data_2/models_and_data/model_additional_4950.pt
Successfully loaded: model_additional_4950.pt
✅ Model loaded into provided instance from /root/minima-volume-project/experiments/shakespeare_char/overnight_run/model_2_data_2/models_and_data/model_additional_950.pt
Successfully loaded: model_additional_950.pt
✅ Model loaded into provided instance from /root/minima-volume-project/experiments/shakespeare_char/overnight_run/model_2_data_2/models_and_data/model_additional_200.pt
Successfully loaded: model_additional_200.pt
✅ Model loaded into provided instance from /root/minima-volume-project/experiments/shakespeare_char/overnight_run/model_2_data_2/models_and_data/model_additional_0.pt
Successfully loaded: model_additional_0.pt

Model data loaded from all models:
Model 0 (model_additional_19950.pt):
  - Additional data: 19950
  - Dataset type: data
  - Training accuracies: 800 entries
  - Test accuracies: 800 entries
Model 1 (model_additional_4950.pt):
  - Additional data: 4950
  - Dataset type: data
  - Training accuracies: 800 entries
  - Test accuracies: 800 entries
Model 2 (model_additional_950.pt):
  - Additional data: 950
  - Dataset type: data
  - Training accuracies: 800 entries
  - Test accuracies: 800 entries
Model 3 (model_additional_200.pt):
  - Additional data: 200
  - Dataset type: data
  - Training accuracies: 800 entries
  - Test accuracies: 800 entries
Model 4 (model_additional_0.pt):
  - Additional data: 0
  - Dataset type: data
  - Training accuracies: 800 entries
  - Test accuracies: 800 entries

Loading dataset...
Using dataset file: dataset.pt
✅ Dataset loaded from /root/minima-volume-project/experiments/shakespeare_char/overnight_run/model_2_data_2/models_and_data/dataset.pt
Testing on data with 0 samples - 33 directions
Testing model trained on 19950 additional data.
Loss: 4.5043
Accs: 0.5098
Wiggle completed in 31.20 seconds for data model trained with 19950 samples
  Total perturbation time: 1.74 s
  Total forward/metric time: 29.24 s
Saved to /root/minima-volume-project/experiments/shakespeare_char/overnight_run/model_2_data_2/shard_0/data_0

Testing model trained on 4950 additional data.
Loss: 4.8709
Accs: 0.4875
Wiggle completed in 30.88 seconds for data model trained with 4950 samples
  Total perturbation time: 1.73 s
  Total forward/metric time: 28.99 s
Saved to /root/minima-volume-project/experiments/shakespeare_char/overnight_run/model_2_data_2/shard_0/data_0

Testing model trained on 950 additional data.
Loss: 6.1090
Accs: 0.4105
Wiggle completed in 30.69 seconds for data model trained with 950 samples
  Total perturbation time: 1.72 s
  Total forward/metric time: 28.80 s
Saved to /root/minima-volume-project/experiments/shakespeare_char/overnight_run/model_2_data_2/shard_0/data_0

Testing model trained on 200 additional data.
Loss: 8.6220
Accs: 0.1885
Wiggle completed in 30.94 seconds for data model trained with 200 samples
  Total perturbation time: 1.73 s
  Total forward/metric time: 29.04 s
Saved to /root/minima-volume-project/experiments/shakespeare_char/overnight_run/model_2_data_2/shard_0/data_0

Testing model trained on 0 additional data.
Loss: 8.2942
Accs: 0.1551
Wiggle completed in 30.74 seconds for data model trained with 0 samples
  Total perturbation time: 1.72 s
  Total forward/metric time: 28.79 s
Saved to /root/minima-volume-project/experiments/shakespeare_char/overnight_run/model_2_data_2/shard_0/data_0

Testing on data with 200 samples - 33 directions
Testing model trained on 19950 additional data.
Loss: 4.5043
Accs: 0.5098
Wiggle completed in 138.71 seconds for data model trained with 19950 samples
  Total perturbation time: 1.85 s
  Total forward/metric time: 136.68 s
Saved to /root/minima-volume-project/experiments/shakespeare_char/overnight_run/model_2_data_2/shard_0/data_200

Testing model trained on 4950 additional data.
Loss: 4.8709
Accs: 0.4875
Wiggle completed in 138.64 seconds for data model trained with 4950 samples
  Total perturbation time: 1.82 s
  Total forward/metric time: 136.63 s
Saved to /root/minima-volume-project/experiments/shakespeare_char/overnight_run/model_2_data_2/shard_0/data_200

Testing model trained on 950 additional data.
Loss: 6.1090
Accs: 0.4105
Wiggle completed in 138.55 seconds for data model trained with 950 samples
  Total perturbation time: 1.76 s
  Total forward/metric time: 136.62 s
Saved to /root/minima-volume-project/experiments/shakespeare_char/overnight_run/model_2_data_2/shard_0/data_200

Testing model trained on 200 additional data.
Loss: 8.6220
Accs: 0.1885
Wiggle completed in 138.66 seconds for data model trained with 200 samples
  Total perturbation time: 1.84 s
  Total forward/metric time: 136.59 s
Saved to /root/minima-volume-project/experiments/shakespeare_char/overnight_run/model_2_data_2/shard_0/data_200

Testing model trained on 0 additional data.
Testing on data with 950 samples - 33 directions
Testing model trained on 19950 additional data.
Loss: 4.5043
Accs: 0.5098
Wiggle completed in 543.12 seconds for data model trained with 19950 samples
  Total perturbation time: 1.81 s
  Total forward/metric time: 541.12 s
Saved to /root/minima-volume-project/experiments/shakespeare_char/overnight_run/model_2_data_2/shard_0/data_950

Testing model trained on 4950 additional data.
Loss: 4.8709
Accs: 0.4875
Wiggle completed in 546.73 seconds for data model trained with 4950 samples
  Total perturbation time: 1.79 s
  Total forward/metric time: 544.71 s
Saved to /root/minima-volume-project/experiments/shakespeare_char/overnight_run/model_2_data_2/shard_0/data_950

Testing model trained on 950 additional data.
Loss: 6.1090
Accs: 0.4105
Wiggle completed in 546.69 seconds for data model trained with 950 samples
  Total perturbation time: 1.77 s
  Total forward/metric time: 544.66 s
Saved to /root/minima-volume-project/experiments/shakespeare_char/overnight_run/model_2_data_2/shard_0/data_950

Testing model trained on 200 additional data.
Testing model trained on 0 additional data.
Testing on data with 4950 samples - 33 directions
Testing model trained on 19950 additional data.
Loss: 4.5043
Accs: 0.5098
Wiggle completed in 2725.44 seconds for data model trained with 19950 samples
  Total perturbation time: 1.94 s
  Total forward/metric time: 2723.30 s
Saved to /root/minima-volume-project/experiments/shakespeare_char/overnight_run/model_2_data_2/shard_0/data_4950

Testing model trained on 4950 additional data.
Loss: 4.8709
Accs: 0.4875
