[perturb shard=1] device=cuda seeds=[234, 266]  (33 dirs)
number of parameters: 10.65M
Looking for models and dataset in: /root/minima-volume-project/experiments/shakespeare_char/overnight_run/model_2_data_2/models_and_data
Found 5 model files:
  - model_additional_19950.pt
  - model_additional_4950.pt
  - model_additional_950.pt
  - model_additional_200.pt
  - model_additional_0.pt
✅ Model loaded into provided instance from /root/minima-volume-project/experiments/shakespeare_char/overnight_run/model_2_data_2/models_and_data/model_additional_19950.pt
Successfully loaded: model_additional_19950.pt
✅ Model loaded into provided instance from /root/minima-volume-project/experiments/shakespeare_char/overnight_run/model_2_data_2/models_and_data/model_additional_4950.pt
Successfully loaded: model_additional_4950.pt
✅ Model loaded into provided instance from /root/minima-volume-project/experiments/shakespeare_char/overnight_run/model_2_data_2/models_and_data/model_additional_950.pt
Successfully loaded: model_additional_950.pt
✅ Model loaded into provided instance from /root/minima-volume-project/experiments/shakespeare_char/overnight_run/model_2_data_2/models_and_data/model_additional_200.pt
Successfully loaded: model_additional_200.pt
✅ Model loaded into provided instance from /root/minima-volume-project/experiments/shakespeare_char/overnight_run/model_2_data_2/models_and_data/model_additional_0.pt
Successfully loaded: model_additional_0.pt

Model data loaded from all models:
Model 0 (model_additional_19950.pt):
  - Additional data: 19950
  - Dataset type: data
  - Training accuracies: 800 entries
  - Test accuracies: 800 entries
Model 1 (model_additional_4950.pt):
  - Additional data: 4950
  - Dataset type: data
  - Training accuracies: 800 entries
  - Test accuracies: 800 entries
Model 2 (model_additional_950.pt):
  - Additional data: 950
  - Dataset type: data
  - Training accuracies: 800 entries
  - Test accuracies: 800 entries
Model 3 (model_additional_200.pt):
  - Additional data: 200
  - Dataset type: data
  - Training accuracies: 800 entries
  - Test accuracies: 800 entries
Model 4 (model_additional_0.pt):
  - Additional data: 0
  - Dataset type: data
  - Training accuracies: 800 entries
  - Test accuracies: 800 entries

Loading dataset...
Using dataset file: dataset.pt
✅ Dataset loaded from /root/minima-volume-project/experiments/shakespeare_char/overnight_run/model_2_data_2/models_and_data/dataset.pt
Testing on data with 0 samples - 33 directions
Testing model trained on 19950 additional data.
Loss: 4.5043
Accs: 0.5098
Wiggle completed in 31.23 seconds for data model trained with 19950 samples
  Total perturbation time: 1.96 s
  Total forward/metric time: 29.07 s
Saved to /root/minima-volume-project/experiments/shakespeare_char/overnight_run/model_2_data_2/shard_1/data_0

Testing model trained on 4950 additional data.
Loss: 4.8709
Accs: 0.4875
Wiggle completed in 31.13 seconds for data model trained with 4950 samples
  Total perturbation time: 1.94 s
  Total forward/metric time: 28.96 s
Saved to /root/minima-volume-project/experiments/shakespeare_char/overnight_run/model_2_data_2/shard_1/data_0

Testing model trained on 950 additional data.
Loss: 6.1090
Accs: 0.4105
Wiggle completed in 31.17 seconds for data model trained with 950 samples
  Total perturbation time: 1.97 s
  Total forward/metric time: 28.95 s
Saved to /root/minima-volume-project/experiments/shakespeare_char/overnight_run/model_2_data_2/shard_1/data_0

Testing model trained on 200 additional data.
Loss: 8.6220
Accs: 0.1885
Wiggle completed in 31.29 seconds for data model trained with 200 samples
  Total perturbation time: 1.94 s
  Total forward/metric time: 29.14 s
Saved to /root/minima-volume-project/experiments/shakespeare_char/overnight_run/model_2_data_2/shard_1/data_0

Testing model trained on 0 additional data.
Loss: 8.2942
Accs: 0.1551
Wiggle completed in 31.41 seconds for data model trained with 0 samples
  Total perturbation time: 1.98 s
  Total forward/metric time: 29.21 s
Saved to /root/minima-volume-project/experiments/shakespeare_char/overnight_run/model_2_data_2/shard_1/data_0

Testing on data with 200 samples - 33 directions
Testing model trained on 19950 additional data.
Loss: 4.5043
Accs: 0.5098
Wiggle completed in 139.15 seconds for data model trained with 19950 samples
  Total perturbation time: 2.04 s
  Total forward/metric time: 136.83 s
Saved to /root/minima-volume-project/experiments/shakespeare_char/overnight_run/model_2_data_2/shard_1/data_200

Testing model trained on 4950 additional data.
Loss: 4.8709
Accs: 0.4875
Wiggle completed in 139.04 seconds for data model trained with 4950 samples
  Total perturbation time: 2.05 s
  Total forward/metric time: 136.74 s
Saved to /root/minima-volume-project/experiments/shakespeare_char/overnight_run/model_2_data_2/shard_1/data_200

Testing model trained on 950 additional data.
Loss: 6.1090
Accs: 0.4105
Wiggle completed in 139.10 seconds for data model trained with 950 samples
  Total perturbation time: 2.05 s
  Total forward/metric time: 136.80 s
Saved to /root/minima-volume-project/experiments/shakespeare_char/overnight_run/model_2_data_2/shard_1/data_200

Testing model trained on 200 additional data.
Loss: 8.6220
Accs: 0.1885
Wiggle completed in 139.07 seconds for data model trained with 200 samples
  Total perturbation time: 2.05 s
  Total forward/metric time: 136.84 s
Saved to /root/minima-volume-project/experiments/shakespeare_char/overnight_run/model_2_data_2/shard_1/data_200

Testing model trained on 0 additional data.
Testing on data with 950 samples - 33 directions
Testing model trained on 19950 additional data.
Loss: 4.5043
Accs: 0.5098
Wiggle completed in 547.56 seconds for data model trained with 19950 samples
  Total perturbation time: 2.11 s
  Total forward/metric time: 545.20 s
Saved to /root/minima-volume-project/experiments/shakespeare_char/overnight_run/model_2_data_2/shard_1/data_950

Testing model trained on 4950 additional data.
Loss: 4.8709
Accs: 0.4875
Wiggle completed in 547.67 seconds for data model trained with 4950 samples
  Total perturbation time: 2.13 s
  Total forward/metric time: 545.33 s
Saved to /root/minima-volume-project/experiments/shakespeare_char/overnight_run/model_2_data_2/shard_1/data_950

Testing model trained on 950 additional data.
Loss: 6.1090
Accs: 0.4105
Wiggle completed in 547.63 seconds for data model trained with 950 samples
  Total perturbation time: 2.19 s
  Total forward/metric time: 545.25 s
Saved to /root/minima-volume-project/experiments/shakespeare_char/overnight_run/model_2_data_2/shard_1/data_950

Testing model trained on 200 additional data.
Testing model trained on 0 additional data.
Testing on data with 4950 samples - 33 directions
Testing model trained on 19950 additional data.
Loss: 4.5043
Accs: 0.5098
Wiggle completed in 2729.51 seconds for data model trained with 19950 samples
  Total perturbation time: 2.26 s
  Total forward/metric time: 2727.00 s
Saved to /root/minima-volume-project/experiments/shakespeare_char/overnight_run/model_2_data_2/shard_1/data_4950

Testing model trained on 4950 additional data.
Loss: 4.8709
Accs: 0.4875
